[0.637s] Invoking command in '/home/ubuntu/ros2_ws/src/turtle_gateway': PYTHONPATH=/home/ubuntu/ros2_ws/src/turtle_gateway/build/turtle_gateway/prefix_override:/usr/lib/python3/dist-packages/colcon_core/task/python/colcon_distutils_commands:/home/ubuntu/ros2_ws/src/turtle_gateway/install/turtle_gateway/lib/python3.12/site-packages:${PYTHONPATH} /usr/bin/python3 -W ignore:setup.py install is deprecated -W ignore:easy_install command is deprecated setup.py egg_info --egg-base build/turtle_gateway build --build-base /home/ubuntu/ros2_ws/src/turtle_gateway/build/turtle_gateway/build install --record /home/ubuntu/ros2_ws/src/turtle_gateway/build/turtle_gateway/install.log --install-scripts $base/lib/turtle_gateway --single-version-externally-managed install_data
[0.784s] running egg_info
[0.784s] creating build/turtle_gateway/turtle_gateway.egg-info
[0.795s] writing build/turtle_gateway/turtle_gateway.egg-info/PKG-INFO
[0.795s] writing dependency_links to build/turtle_gateway/turtle_gateway.egg-info/dependency_links.txt
[0.795s] writing entry points to build/turtle_gateway/turtle_gateway.egg-info/entry_points.txt
[0.795s] writing requirements to build/turtle_gateway/turtle_gateway.egg-info/requires.txt
[0.795s] writing top-level names to build/turtle_gateway/turtle_gateway.egg-info/top_level.txt
[0.796s] writing manifest file 'build/turtle_gateway/turtle_gateway.egg-info/SOURCES.txt'
[0.818s] reading manifest file 'build/turtle_gateway/turtle_gateway.egg-info/SOURCES.txt'
[0.818s] writing manifest file 'build/turtle_gateway/turtle_gateway.egg-info/SOURCES.txt'
[0.819s] running build
[0.819s] running build_py
[0.819s] creating /home/ubuntu/ros2_ws/src/turtle_gateway/build/turtle_gateway/build
[0.819s] creating /home/ubuntu/ros2_ws/src/turtle_gateway/build/turtle_gateway/build/lib
[0.819s] creating /home/ubuntu/ros2_ws/src/turtle_gateway/build/turtle_gateway/build/lib/turtle_gateway
[0.820s] copying turtle_gateway/__init__.py -> /home/ubuntu/ros2_ws/src/turtle_gateway/build/turtle_gateway/build/lib/turtle_gateway
[0.820s] copying turtle_gateway/turtle_listener.py -> /home/ubuntu/ros2_ws/src/turtle_gateway/build/turtle_gateway/build/lib/turtle_gateway
[0.820s] running install
[0.823s] running install_lib
[0.833s] creating /home/ubuntu/ros2_ws/src/turtle_gateway/install/turtle_gateway/lib/python3.12/site-packages/turtle_gateway
[0.833s] copying /home/ubuntu/ros2_ws/src/turtle_gateway/build/turtle_gateway/build/lib/turtle_gateway/__init__.py -> /home/ubuntu/ros2_ws/src/turtle_gateway/install/turtle_gateway/lib/python3.12/site-packages/turtle_gateway
[0.833s] copying /home/ubuntu/ros2_ws/src/turtle_gateway/build/turtle_gateway/build/lib/turtle_gateway/turtle_listener.py -> /home/ubuntu/ros2_ws/src/turtle_gateway/install/turtle_gateway/lib/python3.12/site-packages/turtle_gateway
[0.833s] byte-compiling /home/ubuntu/ros2_ws/src/turtle_gateway/install/turtle_gateway/lib/python3.12/site-packages/turtle_gateway/__init__.py to __init__.cpython-312.pyc
[0.834s] byte-compiling /home/ubuntu/ros2_ws/src/turtle_gateway/install/turtle_gateway/lib/python3.12/site-packages/turtle_gateway/turtle_listener.py to turtle_listener.cpython-312.pyc
[0.834s] running install_data
[0.835s] creating /home/ubuntu/ros2_ws/src/turtle_gateway/install/turtle_gateway/share/ament_index
[0.835s] creating /home/ubuntu/ros2_ws/src/turtle_gateway/install/turtle_gateway/share/ament_index/resource_index
[0.835s] creating /home/ubuntu/ros2_ws/src/turtle_gateway/install/turtle_gateway/share/ament_index/resource_index/packages
[0.835s] copying resource/turtle_gateway -> /home/ubuntu/ros2_ws/src/turtle_gateway/install/turtle_gateway/share/ament_index/resource_index/packages
[0.835s] copying package.xml -> /home/ubuntu/ros2_ws/src/turtle_gateway/install/turtle_gateway/share/turtle_gateway
[0.835s] running install_egg_info
[0.846s] Copying build/turtle_gateway/turtle_gateway.egg-info to /home/ubuntu/ros2_ws/src/turtle_gateway/install/turtle_gateway/lib/python3.12/site-packages/turtle_gateway-0.0.0-py3.12.egg-info
[0.847s] running install_scripts
[0.915s] Installing turtle_listener script to /home/ubuntu/ros2_ws/src/turtle_gateway/install/turtle_gateway/lib/turtle_gateway
[0.915s] writing list of installed files to '/home/ubuntu/ros2_ws/src/turtle_gateway/build/turtle_gateway/install.log'
[0.935s] Invoked command in '/home/ubuntu/ros2_ws/src/turtle_gateway' returned '0': PYTHONPATH=/home/ubuntu/ros2_ws/src/turtle_gateway/build/turtle_gateway/prefix_override:/usr/lib/python3/dist-packages/colcon_core/task/python/colcon_distutils_commands:/home/ubuntu/ros2_ws/src/turtle_gateway/install/turtle_gateway/lib/python3.12/site-packages:${PYTHONPATH} /usr/bin/python3 -W ignore:setup.py install is deprecated -W ignore:easy_install command is deprecated setup.py egg_info --egg-base build/turtle_gateway build --build-base /home/ubuntu/ros2_ws/src/turtle_gateway/build/turtle_gateway/build install --record /home/ubuntu/ros2_ws/src/turtle_gateway/build/turtle_gateway/install.log --install-scripts $base/lib/turtle_gateway --single-version-externally-managed install_data
